12:12:01 **** Incremental Build of configuration Debug for project blink ****
make -j4 all 
arm-none-eabi-size   blink.elf 
   text	   data	    bss	    dec	    hex	filename
   6352	     20	   1572	   7944	   1f08	blink.elf
Finished building: default.size.stdout
 
12:13:19 **** Incremental Build of configuration Debug for project blink ****
make -j4 all 
arm-none-eabi-size   blink.elf 
   text	   data	    bss	    dec	    hex	filename
   6352	     20	   1572	   7944	   1f08	blink.elf
Finished building: default.size.stdout
 
12:15:40 **** Incremental Build of configuration Debug for project blink ****
make -j4 all 
arm-none-eabi-gcc "../Core/Src/main.c" -mcpu=cortex-m0plus -std=gnu11 -g3 -DDEBUG -DUSE_HAL_DRIVER -DSTM32L072xx -c -I../Core/Inc -I../Drivers/STM32L0xx_HAL_Driver/Inc -I../Drivers/STM32L0xx_HAL_Driver/Inc/Legacy -I../Drivers/CMSIS/Device/ST/STM32L0xx/Include -I../Drivers/CMSIS/Include -O0 -ffunction-sections -fdata-sections -Wall -fstack-usage -MMD -MP -MF"Core/Src/main.d" -MT"Core/Src/main.o" --specs=nano.specs -mfloat-abi=soft -mthumb -o "Core/Src/main.o"
arm-none-eabi-gcc -o "blink.elf" @"objects.list"   -mcpu=cortex-m0plus -T"/home/sylla/Mes_Projets/IoT_Project/STM32/blink/STM32L072CZYX_FLASH.ld" --specs=nosys.specs -Wl,-Map="blink.map" -Wl,--gc-sections -static --specs=nano.specs -mfloat-abi=soft -mthumb -Wl,--start-group -lc -lm -Wl,--end-group
Finished building target: blink.elf
 
arm-none-eabi-objdump -h -S  blink.elf  > "blink.list"
arm-none-eabi-objcopy  -O binary  blink.elf  "blink.bin"
arm-none-eabi-size   blink.elf 
   text	   data	    bss	    dec	    hex	filename
   6352	     20	   1572	   7944	   1f08	blink.elf
Finished building: default.size.stdout
 
Finished building: blink.bin
 
Finished building: blink.list
 
12:18:47 **** Incremental Build of configuration Debug for project blink ****
make -j4 all 
arm-none-eabi-gcc "../Core/Src/main.c" -mcpu=cortex-m0plus -std=gnu11 -g3 -DDEBUG -DUSE_HAL_DRIVER -DSTM32L072xx -c -I../Core/Inc -I../Drivers/STM32L0xx_HAL_Driver/Inc -I../Drivers/STM32L0xx_HAL_Driver/Inc/Legacy -I../Drivers/CMSIS/Device/ST/STM32L0xx/Include -I../Drivers/CMSIS/Include -O0 -ffunction-sections -fdata-sections -Wall -fstack-usage -MMD -MP -MF"Core/Src/main.d" -MT"Core/Src/main.o" --specs=nano.specs -mfloat-abi=soft -mthumb -o "Core/Src/main.o"
arm-none-eabi-gcc -o "blink.elf" @"objects.list"   -mcpu=cortex-m0plus -T"/home/sylla/Mes_Projets/IoT_Project/STM32/blink/STM32L072CZYX_FLASH.ld" --specs=nosys.specs -Wl,-Map="blink.map" -Wl,--gc-sections -static --specs=nano.specs -mfloat-abi=soft -mthumb -Wl,--start-group -lc -lm -Wl,--end-group
Finished building target: blink.elf
 
arm-none-eabi-objdump -h -S  blink.elf  > "blink.list"
arm-none-eabi-objcopy  -O binary  blink.elf  "blink.bin"
arm-none-eabi-size   blink.elf 
   text	   data	    bss	    dec	    hex	filename
   6412	     20	   1572	   8004	   1f44	blink.elf
Finished building: default.size.stdout
Finished building: blink.list
Finished building: blink.bin
 
 
 
